zzzzzzzzzzzzzzzzzzzzzzzzzzzzzzzzzzzzzzzzzzzzzzzzzzzzzzzzzzzzzzzzzzzzzzzzzzzzzzzzzz
zssssssssssssssssssssssssssssssssssssssssssssssssssssssssssssssssssssssssssssssssz
zssssssssssssssssssssssssssssssssssssssssssssssssssssssssssssssssssssssssssssssssz
zssssssssssssssssssssssssssssssssssssssssssssssssssssssssssssssssssssssssssssssssz
zssssssssssssssssssssssssssssssssssssssssssssssssssssssssssssssssssssssssssssssssz
zssssssssssssssssssssssssssssssssssssssssssssssssssssssssssssssssssssssssssssssssz
zssssssssssssssssssssssssssssssssssssssssssssssssssssssssssssssssssssssssssssssssz
zssssssssssssssssssssssssssssssssssssssssssssssssssssssssssssssssssssssssssssssssz
zssssssssssssssssssssssssssssssssssssssssssssssssssssssssssssssssssssssssssssssssz
zssssssssssssssssssssssssssssssssssssssssssssssssssssssssssssssssssssssssssssssssz
zssssssssssssssssssssssssssssssssssisssssssssssssssssssssssssssssssssssssssssssssz
zssssssssssssssssssssssssssssssssssssssssssssssssssssllssssssssssssssssssssssssssz
zssssssiiiiissssssssssssssssssssssssssssssssssssssssllllsssssssssssssssssssssssssz
zssssssssssssssssssssssssiisiisssssssssiiiissssssssllwwllssssssssssssssssssssssssz
zssisssssssssssssssssssssssssssssssisiissssssssssslllwwlllsssssssssssssssssssssssz
zssisssssssssssssssssisssssssssssssiiisisissssssssssswwssssssssssssssssssssssssssz
zisisisssssssssssisssisssssssssssssisisisisissssssssswwssssssssssssssssssssssssssz
zggggggggggggggggggggggggggggggggggggggggggggggggggggggggggssssssssssssssssssssssz
zddddddddddddddddddddddddddddddddddddddddddddddddddddddddddsssssssssssgggssssssssz
zdddddddddddddddiddddddddddddddddddddddddddddddddddddddddddssssssssssgdddssssssssz
zdddiddddddddddddddddddddddddddddddddddddddddddddddddddddddsssssssssgddddssssssssz
zdddddddddddddddddddiddddddddddddddddddddddddddddddddddddddssssssssgdddddssssssssz
zddddddddddddddddddddddddddddddddddddddddddddddddddddddddddsssssssgddddddssssssssz
zddddddddddddddddddddddddddddddddddddddddddddddddddddddddddssssssgdddddddssssssssz
zdddddddddddddddddddddddddddddddddddddddddddddddddddddddddssssssgddddddddssssssssz
zdddddddddddddddiddddddddddddddddddddddddddddddddddddddddssssssgdddddddddssssssssz
zdddiddddddddddddddddddddddddddddddddddddsssssssssssssssssssssgddddddddddssssssssz
zdddddddddddddddddddiddddddddddddddddddddssssssssssssssssssssgdddddddddddssssssssz
zddddddddddddddddddddddddddddddddddddddddsssssssssssssssssssgddddddddddddssssssssz
zddddddddddddddddddddddddddddddddddddddddddddddddddddddddddgdddddddddddddssssssssz
zddddddddddddddddddddddddddddddddddddddddddddddddddddddddddddddddddddddddssssssssz
zddddddddddddddddddddddddddddddddddddddddddddddddddddddddddddddddddddddddssssssssz
zddddddddddddddddddddddddddddddddddddddddddddddddddddddddddddddddddddddddssssssssz
zddddddddddddddddddddddddddddddddddddddddddddddddddddddddddddddddddddddddssssssssz
zddddddddddddddddddddddddddddddddddddddddddddddddddddddddddddddddddddddddssssssssz
zddddddddddddddddddddddddddddddddddddddddddddddddddddddddddddddddddddddddssssssssz
zddddddddddddddddddddddddddddddddddddddddddddddddddddddddddddddddddddddddssssssssz
zddddddddddddddddddddddddddddddddddddddddddddddddddddddddddddddddddddddddssssssssz
zddddddddddddddddddddddddddddddddddddddddddddddddddddddddddddddddddddddddssssssssz
zddddddddddddddddddddddddddddddddddddddddddddddddddddddddddddddddddddddddssssssssz
zddddddddddddddddddddddddddddddddddddddddddddddddddddddddddddddddddddddddssssssssz
zddddddddddddddddddddddddddddddddddddddddddddddddddddddddddddddddddddddddssssssssz
zddddddddddddddddddddddddddddddddddddddddddddddddddddddddddddddddddddddddssssssssz
zddddddddddddddddddddddddddddddddddddddddddddddddddddddddddddddddddddddddssssssssz
zddddddddddddddddddddddddddddddddddddddddddddddddddddddddddddddddddddddddssssssssz
zddddddddddddddddddddddddddddddddddddddddddddddddddddddddddddddddddddddddssssssssz
ziiiiiiiiiiiiiiiiiiiiiiiiiiiiiiiiiiiiiiiiiiiiiiiiiiiiiiiiiiiiiiiiiiiiiiiiiiiiiiiiz
zzzzzzzzzzzzzzzzzzzzzzzzzzzzzzzzzzzzzzzzzzzzzzzzzzzzzzzzzzzzzzzzzzzzzzzzzzzzzzzzzz