zzzzzzzzzzzzzzzzzzzzzzzzzzzzzzzzzzzzzzzzzzzzzzzzzzzzzzzzzzzzzzzzzzzzzzzzzzzzzzzzzzzzzzz
zsssssssssssssssssssssssssssssssssssssssssssssssssssssssssssssssssssssssssssssssssssssz
zsssssssssssssssssssssssssssssssssssssssssssssssssssssssssssssssssssssssssssssssssssssz
zsssssssssssssssssssssssssssssssssssssssssssssssssssssssssssssssssssssssssssssssssssssz
zsssssssssssssssssssssssssssssssssssssssssssssssssssssssssssssssssssssssssssssssssssssz
zsssssssssssssssssssssssssssssssssssssssssssssssssssssssssssssssssssssssssssssssssssssz
zsssssssssssssssssssssssssssssssssssssssssssssssssssssssssssssssssssssssssssssssssssssz
zsssssssssssssssssssssssssssssssssssssssssssssssssssssssssssssssssssssssssssssssssssssz
zsssssssssssssssssssssssssssssssssssssssssssssssssssssssssssssssssssssssssssssssssssssz
zsssssssssssssssssssssssssssssssssssssssssssssssssssssssssssssssssssssssssssssssssssssz
zssssssssssssssssssssssssssssssssssissssssssssssssssssssssssssssssssssssssssssssssssssz
zssssssssssssssssssssssssssssssssssssssssssssssssssssllsssssssssssssssssssssssssssssssz
zssssssiiiiissssssssssssssssssssssssssssssssssssssssllllssssssssssssssssssssssssssssssz
zssssssssssssssssssssssssiisiisssssssssiiiissssssssllwwllsssssssssssssssssssssssssssssz
zssisssssssssssssssssssssssssssssssisiissssssssssslllwwlllssssssssssssssssssssssssssssz
zssisssssssssssssssssisssssssssssssiiisisissssssssssswwsssssssssssssssssssssssssssssssz
zisisissssfssssssisssisssssssssssssisisisisissssssssswwsssssssssssssssssssssssssssssssz
zggggggggggggggggggggggggggggggggggggggggggggggggggggggggggsssssssssssssssssssssssssssz
zddddddddddddddddddddddddddddddddddddddddddddddddddddddddddsssssssssssgggsssssssssssssz
zdddddddddddddddiddddddddddddddddddddddddddddddddddddddddddssssssssssgdddsssssssssssssz
zdddiddddddddddddddddddddddddddddddddddddddddddddddddddddddsssssssssgddddsssssssssssssz
zdddddddddddddddddddiddddddddddddddddddddddddddddddddddddddssssssssgdddddsssssssssssssz
zddddddddddddddddddddddddddddddddddddddddddddddddddddddddddsssssssgddddddsssssssssssssz
zddddddddddddddddddddddddddddddddddddddddddddddddddddddddddssssssgdddddddsssssssssssssz
zdddddddddddddddddddddddddddddddddddddddddddddddddddddddddssssssgddddddddsssssssssssssz
zdddddddddddddddiddddddddddddddddddddddddddddddddddddddddssssssgdddddddddsssssssssssssz
zdddiddddddddddddddddddddddddddddddddddddsssssssssssssssssssssgddddddddddsssssssssssssz
zdddddddddddddddddddiddddddddddddddddddddssssssssssssssssssssgdddddddddddsssssssssssssz
zddddddddddddddddddddddddddddddddddddddddsssssssssssssssssssgddddddddddddsssssssssssssz
zddddddddddddddddddddddddddddddddddddddddddddddddddddddddddgdddddddddddddsssssssssssssz
rrrrrrrrrrrrrrrrrrrrrrrrrrrrrrrrrrrrrrrrrrrrrrrrrrrrrrrrrrrrrrrrrrrrrrrrrrrrrrrrrrrrrrz
rrrrrrrrrrrrrrrrrrrrrrrrrrrrrrrrrrrrrrrrrrrrrrrrrrrrrrrrrrrrrrrrrrrrrrrrrrrrrrrrrrrrrrz
rrrrrrrrrrrrrrrrrrrrrrrrrrrrrrrrrrrrrrrrrrrrrrrrrrrrrrrrrrrrrrrrrrrrrrrrrrrrrrrrrrrrrrz
rrrrrrrrrrrrrrrrrrrrrrrrrrrrrrrrrrrrrrrrrrrrrrrrrrrrrrrrrrrrrrrrrrrrrrrrrrrrrrrrrrrrrrz
rrrrrrrrrrrrrrrrrrrrrrrrrrrrrrrrrrrrrrrrrrrrrrrrrrrrrrrrrrrrrrrrrrrrrrrrrrrrrrrrrrrrrrz
rrrrrrrrrrrrrrrrrrrrrrrrrrrrrrrrrrrrrrrrrrrrrrrrrrrrrrrrrrrrrrrrrrrrrrrrrrrrrrrrrrrrrrz
rrrrrrrrrrrrrrrrrrrrrrrrrrrrrrrrrrrrrrrrrrrrrrrrrrrrrrrrrrrrrrrrrrrrrrrrrrrrrrrrrrrrrrz
rrrrrrrrrrrrrrrrrrrrrrrrrrrrrrrrrrrrrrrrrrrrrrrrrrrrrrrrrrrrrrrrrrrrrrrrrrrrrrrrrrrrrrz
rrrrrrrrrrrrrrrrrrrrrrrrrrrrrrrrrrrrrrrrrrrrrrrrrrrrrrrrrrrrrrrrrrrrrrrrrrrrrrrrrrrrrrz
rrrrrrrrrrrrrrrrrrrrrrrrrrrrrrrrrrrrrrrrrrrrrrrrrrrrrrrrrrrrrrrrrrrrrrrrrrrrrrrrrrrrrrz
rrrrrrrrrrrrrrrrrrrrrrrrrrrrrrrrrrrrrrrrrrrrrrrrrrrrrrrrrrrrrrrrrrrrrrrrrrrrrrrrrrrrrrz
rrrrrrrrrrrrrrrrrrrrrrrrrrrrrrrrrrrrrrrrrrrrrrrrrrrrrrrrrrrrrrrrrrrrrrrrrrrrrrrrrrrrrrz
rrrrrrrrrrrrrrrrrrrrrrrrrrrrrrrrrrrrrrrrrrrrrrrrrrrrrrrrrrrrrrrrrrrrrrrrrrrrrrrrrrrrrrz
rrrrrrrrrrrrrrrrrrrrrrrrrrrrrrrrrrrrrrrrrrrrrrrrrrrrrrrrrrrrrrrrrrrrrrrrrrrrrrrrrrrrrrz
rrrrrrrrrrrrrrrrrrrrrrrrrrrrrrrrrrrrrrrrrrrrrrrrrrrrrrrrrrrrrrrrrrrrrrrrrrrrrrrrrrrrrrz
rrrrrrrrrrrrrrrrrrrrrrrrrrrrrrrrrrrrrrrrrrrrrrrrrrrrrrrrrrrrrrrrrrrrrrrrrrrrrrrrrrrrrrz
zzzzzzzzzzzzzzzzzzzzzzzzzzzzzzzzzzzzzzzzzzzzzzzzzzzzzzzzzzzzzzzzzzzzzzzzzzzzzzzzzzzzzzz